
2026-09-11T01:53:15.2016023+05:00 waiting for shared profile (OpenCode keepchrome style)
2026-09-11T01:53:16.9043475+05:00 tick=0 chrome=1 drivers=2 [tmp-pw-qc-queue.js,tmp-pw-g806-headless-hold.js]
2026-09-11T01:53:37.3194133+05:00 tick=1 chrome=0 drivers=2 [tmp-pw-g806-headless-hold.js,tmp-pw-h40-v10-gates.js]
2026-09-11T01:54:02.7311530+05:00 tick=2 chrome=1 drivers=3 [tmp-pw-g806-headless-hold.js,tmp-pw-h40-v10-gates.js,tmp-pw-qc-queue.js]
2026-09-11T01:54:22.9866978+05:00 tick=3 chrome=1 drivers=3 [tmp-pw-g806-headless-hold.js,tmp-pw-h40-v10-gates.js,tmp-pw-qc-queue.js]
2026-09-11T01:54:43.2554293+05:00 tick=4 chrome=1 drivers=3 [tmp-pw-g806-headless-hold.js,tmp-pw-h40-v10-gates.js,tmp-pw-qc-queue.js]
2026-09-11T01:55:03.6201548+05:00 tick=5 chrome=1 drivers=3 [tmp-pw-g806-headless-hold.js,tmp-pw-h40-v10-gates.js,tmp-pw-qc-queue.js]
2026-09-11T01:55:23.8787390+05:00 tick=6 chrome=1 drivers=3 [tmp-pw-g806-headless-hold.js,tmp-pw-h40-v10-gates.js,tmp-pw-qc-queue.js]
2026-09-11T01:55:44.1708881+05:00 tick=7 chrome=1 drivers=3 [tmp-pw-g806-headless-hold.js,tmp-pw-h40-v10-gates.js,tmp-pw-qc-queue.js]
2026-09-11T01:56:04.4552007+05:00 tick=8 chrome=1 drivers=3 [tmp-pw-g806-headless-hold.js,tmp-pw-h40-v10-gates.js,tmp-pw-qc-queue.js]
2026-09-11T01:56:24.7148827+05:00 tick=9 chrome=1 drivers=3 [tmp-pw-g806-headless-hold.js,tmp-pw-h40-v10-gates.js,tmp-pw-qc-queue.js]
2026-09-11T01:56:45.0210713+05:00 tick=10 chrome=1 drivers=3 [tmp-pw-g806-headless-hold.js,tmp-pw-h40-v10-gates.js,tmp-pw-qc-queue.js]
2026-09-11T01:57:05.3734791+05:00 tick=11 chrome=1 drivers=3 [tmp-pw-g806-headless-hold.js,tmp-pw-h40-v10-gates.js,tmp-pw-qc-queue.js]
2026-09-11T01:57:25.6497436+05:00 tick=12 chrome=1 drivers=3 [tmp-pw-g806-headless-hold.js,tmp-pw-h40-v10-gates.js,tmp-pw-qc-queue.js]
2026-09-11T01:57:45.9338897+05:00 tick=13 chrome=1 drivers=3 [tmp-pw-g806-headless-hold.js,tmp-pw-h40-v10-gates.js,tmp-pw-qc-queue.js]
2026-09-11T01:58:06.3480410+05:00 tick=14 chrome=1 drivers=3 [tmp-pw-g806-headless-hold.js,tmp-pw-h40-v10-gates.js,tmp-pw-qc-queue.js]
2026-09-11T01:58:26.6690028+05:00 tick=15 chrome=1 drivers=3 [tmp-pw-g806-headless-hold.js,tmp-pw-h40-v10-gates.js,tmp-pw-qc-queue.js]
2026-09-11T01:58:46.9443000+05:00 tick=16 chrome=1 drivers=3 [tmp-pw-g806-headless-hold.js,tmp-pw-h40-v10-gates.js,tmp-pw-qc-queue-ALL.js]
2026-09-11T01:59:07.2561420+05:00 tick=17 chrome=1 drivers=3 [tmp-pw-g806-headless-hold.js,tmp-pw-h40-v10-gates.js,tmp-pw-qc-queue-ALL.js]
2026-09-11T01:59:27.5330393+05:00 tick=18 chrome=2 drivers=3 [tmp-pw-g806-headless-hold.js,tmp-pw-qc-queue-ALL.js,tmp-pw-h40-v10-gates2.js]
2026-09-11T01:59:47.8206367+05:00 tick=19 chrome=1 drivers=3 [tmp-pw-g806-headless-hold.js,tmp-pw-qc-queue-ALL.js,tmp-pw-h40-v10-gates2.js]
2026-09-11T02:00:08.1076706+05:00 tick=20 chrome=1 drivers=3 [tmp-pw-g806-headless-hold.js,tmp-pw-qc-queue-ALL.js,tmp-pw-h40-v10-gates2.js]
2026-09-11T02:00:28.4074436+05:00 tick=21 chrome=2 drivers=3 [tmp-pw-g806-headless-hold.js,tmp-pw-qc-queue-ALL.js,tmp-pw-h40-v10-gates2.js]
2026-09-11T02:00:48.7044952+05:00 tick=22 chrome=2 drivers=3 [tmp-pw-g806-headless-hold.js,tmp-pw-qc-queue-ALL.js,tmp-pw-h40-v10-gates2.js]
2026-09-11T02:01:08.9736772+05:00 tick=23 chrome=1 drivers=3 [tmp-pw-g806-headless-hold.js,tmp-pw-qc-queue-ALL.js,tmp-pw-h40-v10-gates2.js]
2026-09-11T02:01:29.3078797+05:00 tick=24 chrome=1 drivers=3 [tmp-pw-g806-headless-hold.js,tmp-pw-qc-queue-ALL.js,tmp-pw-h40-v10-gates2.js]
2026-09-11T02:01:49.5789300+05:00 tick=25 chrome=2 drivers=3 [tmp-pw-g806-headless-hold.js,tmp-pw-qc-queue-ALL.js,tmp-pw-h40-v10-gates2.js]
2026-09-11T02:02:09.8713712+05:00 tick=26 chrome=2 drivers=3 [tmp-pw-g806-headless-hold.js,tmp-pw-qc-queue-ALL.js,tmp-pw-h40-v10-gates2.js]
2026-09-11T02:02:30.1336963+05:00 tick=27 chrome=1 drivers=3 [tmp-pw-g806-headless-hold.js,tmp-pw-qc-queue-ALL.js,tmp-pw-h40-v10-gates2.js]
2026-09-11T02:02:50.4155123+05:00 tick=28 chrome=1 drivers=3 [tmp-pw-g806-headless-hold.js,tmp-pw-qc-queue-ALL.js,tmp-pw-h40-v10-gates2.js]
2026-09-11T02:03:10.6807281+05:00 tick=29 chrome=2 drivers=3 [tmp-pw-g806-headless-hold.js,tmp-pw-qc-queue-ALL.js,tmp-pw-h40-v10-gates2.js]
2026-09-11T02:03:30.9687930+05:00 tick=30 chrome=2 drivers=3 [tmp-pw-g806-headless-hold.js,tmp-pw-qc-queue-ALL.js,tmp-pw-h40-v10-gates2.js]
2026-09-11T02:03:51.2598555+05:00 tick=31 chrome=1 drivers=3 [tmp-pw-g806-headless-hold.js,tmp-pw-qc-queue-ALL.js,tmp-pw-h40-v10-gates2.js]
2026-09-11T02:04:11.5697372+05:00 tick=32 chrome=1 drivers=3 [tmp-pw-g806-headless-hold.js,tmp-pw-qc-queue-ALL.js,tmp-pw-h40-v10-gates2.js]
2026-09-11T02:04:31.8614757+05:00 tick=33 chrome=2 drivers=3 [tmp-pw-g806-headless-hold.js,tmp-pw-qc-queue-ALL.js,tmp-pw-h40-v10-gates2.js]
2026-09-11T02:04:52.1861624+05:00 tick=34 chrome=2 drivers=3 [tmp-pw-g806-headless-hold.js,tmp-pw-qc-queue-ALL.js,tmp-pw-h40-v10-gates2.js]
2026-09-11T02:05:12.4855925+05:00 tick=35 chrome=1 drivers=3 [tmp-pw-g806-headless-hold.js,tmp-pw-qc-queue-ALL.js,tmp-pw-h40-v10-gates2.js]
2026-09-11T02:05:33.0626969+05:00 tick=36 chrome=1 drivers=3 [tmp-pw-g806-headless-hold.js,tmp-pw-qc-queue-ALL.js,tmp-pw-h40-v10-gates2.js]
2026-09-11T02:05:53.3498821+05:00 tick=37 chrome=2 drivers=3 [tmp-pw-g806-headless-hold.js,tmp-pw-qc-queue-ALL.js,tmp-pw-h40-v10-gates2.js]
2026-09-11T02:06:13.6192320+05:00 tick=38 chrome=1 drivers=3 [tmp-pw-g806-headless-hold.js,tmp-pw-qc-queue-ALL.js,tmp-pw-h40-v10-gates2.js]
2026-09-11T02:06:33.8745499+05:00 tick=39 chrome=1 drivers=3 [tmp-pw-g806-headless-hold.js,tmp-pw-qc-queue-ALL.js,tmp-pw-h40-v10-gates2.js]
2026-09-11T02:06:54.1962815+05:00 tick=40 chrome=1 drivers=3 [tmp-pw-g806-headless-hold.js,tmp-pw-qc-queue-ALL.js,tmp-pw-h40-v10-gates2.js]
2026-09-11T02:07:14.4743908+05:00 tick=41 chrome=2 drivers=3 [tmp-pw-g806-headless-hold.js,tmp-pw-qc-queue-ALL.js,tmp-pw-h40-v10-gates2.js]
2026-09-11T02:07:34.7895910+05:00 tick=42 chrome=1 drivers=2 [tmp-pw-g806-headless-hold.js,tmp-pw-qc-queue-ALL.js]
2026-09-11T02:07:55.0766471+05:00 tick=43 chrome=1 drivers=2 [tmp-pw-g806-headless-hold.js,tmp-pw-qc-queue-ALL.js]
2026-09-11T02:08:15.5211682+05:00 tick=44 chrome=1 drivers=2 [tmp-pw-g806-headless-hold.js,tmp-pw-qc-queue-ALL.js]
2026-09-11T02:08:36.0322281+05:00 tick=45 chrome=1 drivers=1 [tmp-pw-qc-queue-B.js]
2026-09-11T02:08:56.5488935+05:00 tick=46 chrome=1 drivers=1 [tmp-pw-qc-queue-B.js]
2026-09-11T02:09:17.0296931+05:00 tick=47 chrome=1 drivers=1 [tmp-pw-qc-queue-B.js]
2026-09-11T02:09:37.3809777+05:00 tick=48 chrome=2 drivers=2 [tmp-pw-qc-queue-B.js,tmp-pw-g806-headless-hold.js]
2026-09-11T02:09:53.6347300+05:00 tick=49 chrome=1 drivers=2 [tmp-pw-qc-queue-B.js,tmp-pw-g806-headless-hold.js]
2026-09-11T02:10:13.9303940+05:00 tick=50 chrome=2 drivers=3 [tmp-pw-qc-queue-B.js,tmp-pw-g806-headless-hold.js,tmp-pw-h40-v10-final-wait.js]
2026-09-11T02:10:34.5479724+05:00 tick=51 chrome=2 drivers=3 [tmp-pw-qc-queue-B.js,tmp-pw-g806-headless-hold.js,tmp-pw-h40-v10-final-wait.js]
2026-09-11T02:10:54.8316154+05:00 tick=52 chrome=2 drivers=3 [tmp-pw-qc-queue-B.js,tmp-pw-g806-headless-hold.js,tmp-pw-h40-v10-status.js]
2026-09-11T02:11:15.1220408+05:00 tick=53 chrome=1 drivers=3 [tmp-pw-qc-queue-B.js,tmp-pw-g806-headless-hold.js,tmp-pw-g806-finalqc.js]
2026-09-11T02:11:35.4046805+05:00 tick=54 chrome=1 drivers=3 [tmp-pw-qc-queue-B.js,tmp-pw-g806-headless-hold.js,tmp-pw-g806-finalqc.js]
2026-09-11T02:11:55.6649970+05:00 tick=55 chrome=1 drivers=3 [tmp-pw-qc-queue-B.js,tmp-pw-g806-headless-hold.js,tmp-pw-g806-finalqc.js]
2026-09-11T02:12:15.9661344+05:00 tick=56 chrome=2 drivers=4 [tmp-pw-qc-queue-B.js,tmp-pw-g806-headless-hold.js,tmp-pw-g806-finalqc.js,tmp-pw-h40-v10-live-poll.js]
2026-09-11T02:12:36.2239405+05:00 tick=57 chrome=1 drivers=4 [tmp-pw-qc-queue-B.js,tmp-pw-g806-headless-hold.js,tmp-pw-g806-finalqc.js,tmp-pw-h40-v10-live-poll.js]
2026-09-11T02:12:56.5336625+05:00 tick=58 chrome=2 drivers=4 [tmp-pw-qc-queue-B.js,tmp-pw-g806-headless-hold.js,tmp-pw-g806-finalqc.js,tmp-pw-h40-v10-live-poll.js]
2026-09-11T02:13:16.8144746+05:00 tick=59 chrome=1 drivers=4 [tmp-pw-qc-queue-B.js,tmp-pw-g806-headless-hold.js,tmp-pw-g806-finalqc.js,tmp-pw-h40-v10-live-poll.js]
2026-09-11T02:13:37.1066023+05:00 tick=60 chrome=1 drivers=4 [tmp-pw-qc-queue-B.js,tmp-pw-g806-headless-hold.js,tmp-pw-g806-finalqc.js,tmp-pw-h40-v10-live-poll.js]
2026-09-11T02:13:57.4994818+05:00 tick=61 chrome=2 drivers=4 [tmp-pw-qc-queue-B.js,tmp-pw-g806-headless-hold.js,tmp-pw-g806-finalqc.js,tmp-pw-h40-v10-live-poll.js]
2026-09-11T02:14:17.7761735+05:00 tick=62 chrome=1 drivers=4 [tmp-pw-qc-queue-B.js,tmp-pw-g806-headless-hold.js,tmp-pw-g806-finalqc.js,tmp-pw-h40-v10-live-poll.js]
2026-09-11T02:14:38.0326076+05:00 tick=63 chrome=1 drivers=4 [tmp-pw-qc-queue-B.js,tmp-pw-g806-headless-hold.js,tmp-pw-g806-finalqc.js,tmp-pw-h40-v10-live-poll.js]
2026-09-11T02:14:58.3560937+05:00 tick=64 chrome=2 drivers=4 [tmp-pw-qc-queue-B.js,tmp-pw-g806-headless-hold.js,tmp-pw-g806-finalqc.js,tmp-pw-h40-v10-live-poll.js]
2026-09-11T02:15:18.6489376+05:00 tick=65 chrome=1 drivers=4 [tmp-pw-qc-queue-B.js,tmp-pw-g806-headless-hold.js,tmp-pw-g806-finalqc.js,tmp-pw-h40-v10-live-poll.js]
2026-09-11T02:15:38.9066333+05:00 tick=66 chrome=1 drivers=4 [tmp-pw-qc-queue-B.js,tmp-pw-g806-headless-hold.js,tmp-pw-g806-finalqc.js,tmp-pw-h40-v10-live-poll.js]
2026-09-11T02:15:59.1786031+05:00 tick=67 chrome=2 drivers=4 [tmp-pw-qc-queue-B.js,tmp-pw-g806-headless-hold.js,tmp-pw-g806-finalqc.js,tmp-pw-h40-v10-live-poll.js]
2026-09-11T02:16:19.4309832+05:00 tick=68 chrome=1 drivers=4 [tmp-pw-qc-queue-B.js,tmp-pw-g806-headless-hold.js,tmp-pw-g806-finalqc.js,tmp-pw-h40-v10-live-poll.js]
2026-09-11T02:16:39.6990807+05:00 tick=69 chrome=1 drivers=4 [tmp-pw-qc-queue-B.js,tmp-pw-g806-headless-hold.js,tmp-pw-g806-finalqc.js,tmp-pw-h40-v10-live-poll.js]
2026-09-11T02:17:00.0393030+05:00 tick=70 chrome=2 drivers=4 [tmp-pw-qc-queue-B.js,tmp-pw-g806-headless-hold.js,tmp-pw-g806-finalqc.js,tmp-pw-h40-v10-live-poll.js]
2026-09-11T02:17:20.4391905+05:00 tick=71 chrome=1 drivers=4 [tmp-pw-qc-queue-B.js,tmp-pw-g806-headless-hold.js,tmp-pw-g806-finalqc.js,tmp-pw-h40-v10-live-poll.js]
2026-09-11T02:17:40.8557173+05:00 tick=72 chrome=1 drivers=4 [tmp-pw-qc-queue-B.js,tmp-pw-g806-headless-hold.js,tmp-pw-g806-finalqc.js,tmp-pw-h40-v10-live-poll.js]
2026-09-11T02:18:01.5259997+05:00 tick=73 chrome=2 drivers=4 [tmp-pw-qc-queue-B.js,tmp-pw-g806-headless-hold.js,tmp-pw-g806-finalqc.js,tmp-pw-h40-v10-live-poll.js]
2026-09-11T02:18:21.8051742+05:00 tick=74 chrome=1 drivers=4 [tmp-pw-qc-queue-B.js,tmp-pw-g806-headless-hold.js,tmp-pw-g806-finalqc.js,tmp-pw-h40-v10-live-poll.js]
2026-09-11T02:18:42.0865665+05:00 tick=75 chrome=1 drivers=4 [tmp-pw-qc-queue-B.js,tmp-pw-g806-headless-hold.js,tmp-pw-g806-finalqc.js,tmp-pw-h40-v10-live-poll.js]
2026-09-11T02:19:02.3560431+05:00 tick=76 chrome=1 drivers=4 [tmp-pw-qc-queue-B.js,tmp-pw-g806-headless-hold.js,tmp-pw-g806-finalqc.js,tmp-pw-h40-v10-live-poll.js]
2026-09-11T02:19:22.6335052+05:00 tick=77 chrome=1 drivers=4 [tmp-pw-qc-queue-B.js,tmp-pw-g806-headless-hold.js,tmp-pw-g806-finalqc.js,tmp-pw-h40-v10-live-poll.js]
2026-09-11T02:19:42.9072826+05:00 tick=78 chrome=2 drivers=4 [tmp-pw-qc-queue-B.js,tmp-pw-g806-headless-hold.js,tmp-pw-g806-finalqc.js,tmp-pw-h40-v10-live-poll.js]
2026-09-11T02:20:03.1839184+05:00 tick=79 chrome=1 drivers=4 [tmp-pw-qc-queue-B.js,tmp-pw-g806-headless-hold.js,tmp-pw-g806-finalqc.js,tmp-pw-h40-v10-live-poll.js]
2026-09-11T02:20:23.6138047+05:00 tick=80 chrome=1 drivers=4 [tmp-pw-qc-queue-B.js,tmp-pw-g806-headless-hold.js,tmp-pw-g806-finalqc.js,tmp-pw-h40-v10-live-poll.js]
2026-09-11T02:20:43.9118080+05:00 tick=81 chrome=2 drivers=4 [tmp-pw-qc-queue-B.js,tmp-pw-g806-headless-hold.js,tmp-pw-g806-finalqc.js,tmp-pw-h40-v10-live-poll.js]
2026-09-11T02:21:04.4194050+05:00 tick=82 chrome=1 drivers=4 [tmp-pw-qc-queue-B.js,tmp-pw-g806-headless-hold.js,tmp-pw-g806-finalqc.js,tmp-pw-h40-v10-live-poll.js]
2026-09-11T02:21:24.7120099+05:00 tick=83 chrome=1 drivers=4 [tmp-pw-qc-queue-B.js,tmp-pw-g806-headless-hold.js,tmp-pw-g806-finalqc.js,tmp-pw-h40-v10-live-poll.js]
2026-09-11T02:21:45.0239484+05:00 tick=84 chrome=2 drivers=4 [tmp-pw-qc-queue-B.js,tmp-pw-g806-headless-hold.js,tmp-pw-g806-finalqc.js,tmp-pw-h40-v10-live-poll.js]
2026-09-11T02:22:05.2799764+05:00 tick=85 chrome=1 drivers=4 [tmp-pw-qc-queue-B.js,tmp-pw-g806-headless-hold.js,tmp-pw-g806-finalqc.js,tmp-pw-h40-v10-live-poll.js]
2026-09-11T02:22:25.5355567+05:00 tick=86 chrome=1 drivers=4 [tmp-pw-qc-queue-B.js,tmp-pw-g806-headless-hold.js,tmp-pw-g806-finalqc.js,tmp-pw-h40-v10-live-poll.js]
2026-09-11T02:22:45.8438982+05:00 tick=87 chrome=2 drivers=4 [tmp-pw-qc-queue-B.js,tmp-pw-g806-headless-hold.js,tmp-pw-g806-finalqc.js,tmp-pw-h40-v10-live-poll.js]
2026-09-11T02:23:06.1045779+05:00 tick=88 chrome=1 drivers=4 [tmp-pw-qc-queue-B.js,tmp-pw-g806-headless-hold.js,tmp-pw-g806-finalqc.js,tmp-pw-h40-v10-live-poll.js]
2026-09-11T02:23:26.4246377+05:00 tick=89 chrome=1 drivers=4 [tmp-pw-qc-queue-B.js,tmp-pw-g806-headless-hold.js,tmp-pw-g806-finalqc.js,tmp-pw-h40-v10-live-poll.js]
